[2026-07-27T09:54:13.421Z] GET https://sjs-31.github.io/culture-circle-eoi/ → 200 (420ms, 23802B)
[2026-07-27T09:54:13.843Z] GET https://fonts.googleapis.com/css2?family=Fraunces:opsz,wght@9..144,300;9..144,400;9..144,500;9..144,600&family=Inter:wght@300;400;500;600&display=swap → pending (?ms, ?B)
[2026-07-27T09:54:13.998Z] GET https://fonts.gstatic.com/s/inter/v20/UcC73FwrK3iLTeHuS_nVMrMxCp50SjIa1ZL7W0Q5nw.woff2 → 200 (159ms, 48432B)
[2026-07-27T09:54:13.998Z] GET https://fonts.gstatic.com/s/fraunces/v38/6NU78FyLNQOQZAnv9bYEvDiIdE9Ea92uemAk_WBq8U_9v0c2Wa0KxC9TeP2Xz5c.woff2 → 200 (173ms, 67388B)
[2026-07-27T09:54:13.999Z] GET https://fonts.gstatic.com/s/fraunces/v38/6NU78FyLNQOQZAnv9bYEvDiIdE9Ea92uemAk_WBq8U_9v0c2Wa0KxCFTeP2Xz5fU8w.woff2 → 200 (171ms, 59540B)
[2026-07-27T09:54:13.999Z] GET https://fonts.gstatic.com/s/inter/v20/UcC73FwrK3iLTeHuS_nVMrMxCp50SjIa25L7W0Q5n-wU.woff2 → 200 (171ms, 85272B)
[2026-07-27T09:59:54.241Z] GET https://sjs-31.github.io/culture-circle-eoi/ → 200 (1ms, 23802B)
[2026-07-27T09:59:54.250Z] GET https://fonts.googleapis.com/css2?family=Fraunces:opsz,wght@9..144,300;9..144,400;9..144,500;9..144,600&family=Inter:wght@300;400;500;600&display=swap → 200 (?ms, 15476B)
[2026-07-27T09:59:54.251Z] GET https://fonts.gstatic.com/s/fraunces/v38/6NU78FyLNQOQZAnv9bYEvDiIdE9Ea92uemAk_WBq8U_9v0c2Wa0KxCFTeP2Xz5fU8w.woff2 → 200 (?ms, ?B)
[2026-07-27T09:59:54.251Z] GET https://fonts.gstatic.com/s/fraunces/v38/6NU78FyLNQOQZAnv9bYEvDiIdE9Ea92uemAk_WBq8U_9v0c2Wa0KxC9TeP2Xz5c.woff2 → 200 (?ms, ?B)
[2026-07-27T09:59:54.253Z] GET https://fonts.gstatic.com/s/inter/v20/UcC73FwrK3iLTeHuS_nVMrMxCp50SjIa25L7W0Q5n-wU.woff2 → 200 (?ms, ?B)
[2026-07-27T09:59:54.253Z] GET https://fonts.gstatic.com/s/inter/v20/UcC73FwrK3iLTeHuS_nVMrMxCp50SjIa1ZL7W0Q5nw.woff2 → 200 (1ms, ?B)
[2026-07-27T10:00:20.757Z] POST https://sjs-31.github.io/culture-circle-eoi/__ENDPOINT__ → 405 (11ms, 131B)
[2026-07-27T10:01:45.438Z] POST https://script.google.com/macros/s/AKfycbyXCD-aLjDPfQOQAb4u1CqWn8yJYvt5VjCKHNL6n0lYBD2RY9DUNuzyO5xVL2R7wQHwRA/exec → pending (?ms, ?B)
[2026-07-27T10:01:47.937Z] GET https://script.googleusercontent.com/macros/echo?user_content_key=AUkAhnSJExTbv2u8RuNkRB2SSxa37pf0728859eEJImKqaGdfjj0YQetHp7pxLK5HWfgvaTA8l2U8tlVL3gDSPVIrRTCmsD49kKiaYH4uZFP8YQD-siDR_q2Sbz7MFf1cNkz0PNs0ESEOi_ffVPZh2a0vqir23At_3XcQaUQ5dPjjW7GYgqVEJ9FpAeURMXw_btfaaV3977AB37Z9M20ChszSYMazs3RhP2BEGtV_wT-vzajspbnAVzHMEpXknYB99Ig1aQSM5-pr5EGCp6pF7k1VFlk-eXrTQ&lib=Mg6Rthku6zY0nZ7zS7FqB794ddYVE0v8w → pending (?ms, ?B)
[2026-07-27T10:02:11.565Z] GET https://sjs-31.github.io/culture-circle-eoi/?v=2 → 200 (331ms, 23904B)
[2026-07-27T10:02:11.915Z] GET https://fonts.googleapis.com/css2?family=Fraunces:opsz,wght@9..144,300;9..144,400;9..144,500;9..144,600&family=Inter:wght@300;400;500;600&display=swap → 200 (?ms, 15476B)
[2026-07-27T10:02:11.917Z] GET https://fonts.gstatic.com/s/fraunces/v38/6NU78FyLNQOQZAnv9bYEvDiIdE9Ea92uemAk_WBq8U_9v0c2Wa0KxCFTeP2Xz5fU8w.woff2 → 200 (?ms, ?B)
[2026-07-27T10:02:11.917Z] GET https://fonts.gstatic.com/s/fraunces/v38/6NU78FyLNQOQZAnv9bYEvDiIdE9Ea92uemAk_WBq8U_9v0c2Wa0KxC9TeP2Xz5c.woff2 → 200 (?ms, ?B)
[2026-07-27T10:02:11.918Z] GET https://fonts.gstatic.com/s/inter/v20/UcC73FwrK3iLTeHuS_nVMrMxCp50SjIa25L7W0Q5n-wU.woff2 → 200 (?ms, ?B)
[2026-07-27T10:02:11.918Z] GET https://fonts.gstatic.com/s/inter/v20/UcC73FwrK3iLTeHuS_nVMrMxCp50SjIa1ZL7W0Q5nw.woff2 → 200 (?ms, ?B)
[2026-07-27T10:02:22.523Z] POST https://script.google.com/macros/s/AKfycbyXCD-aLjDPfQOQAb4u1CqWn8yJYvt5VjCKHNL6n0lYBD2RY9DUNuzyO5xVL2R7wQHwRA/exec → pending (?ms, ?B)
[2026-07-27T10:02:24.312Z] GET https://script.googleusercontent.com/macros/echo?user_content_key=AUkAhnTf2yCeXhsPTtLjF-9AE5eWTJ0Wzp6PI_qz8mUFp-XaVpPyAPAphnnbNAtKo6eu0I2q2ReyNOP5IM-0GZSUxG4OmjVEKd8XriwjCzbQyEXZicVjMaSKUbiPI-gQCLrbXAW_NOnuFKavkpQk9A7zIPSrzIUp_4I6dNJ8zoJm0Ywf5jGtonE299apbV6Iiuph9ZVCgFaKsueCoJnZmKb4hjvD0GINRFPNt3Nmgz0jUqvzkc5MEzQSc0_N9mRIvrCeFqVYIxJFYfA-1ITKGSKyren9RKALkQ&lib=Mg6Rthku6zY0nZ7zS7FqB794ddYVE0v8w → 200 (453ms, 11B)
[2026-07-27T10:05:49.029Z] GET https://sjs-31.github.io/culture-circle-eoi/?v=3 → pending (?ms, ?B)
[2026-07-27T10:05:49.342Z] GET https://fonts.googleapis.com/css2?family=Fraunces:opsz,wght@9..144,300;9..144,400;9..144,500;9..144,600&family=Inter:wght@300;400;500;600&display=swap → 200 (1ms, 15476B)
[2026-07-27T10:05:49.349Z] GET https://fonts.gstatic.com/s/fraunces/v38/6NU78FyLNQOQZAnv9bYEvDiIdE9Ea92uemAk_WBq8U_9v0c2Wa0KxCFTeP2Xz5fU8w.woff2 → 200 (?ms, ?B)
[2026-07-27T10:05:49.349Z] GET https://fonts.gstatic.com/s/fraunces/v38/6NU78FyLNQOQZAnv9bYEvDiIdE9Ea92uemAk_WBq8U_9v0c2Wa0KxC9TeP2Xz5c.woff2 → 200 (?ms, ?B)
[2026-07-27T10:05:49.349Z] GET https://fonts.gstatic.com/s/inter/v20/UcC73FwrK3iLTeHuS_nVMrMxCp50SjIa25L7W0Q5n-wU.woff2 → 200 (1ms, ?B)
[2026-07-27T10:05:49.350Z] GET https://fonts.gstatic.com/s/inter/v20/UcC73FwrK3iLTeHuS_nVMrMxCp50SjIa1ZL7W0Q5nw.woff2 → 200 (?ms, ?B)
[2026-07-27T10:05:49.488Z] POST https://script.google.com/macros/s/AKfycbyXCD-aLjDPfQOQAb4u1CqWn8yJYvt5VjCKHNL6n0lYBD2RY9DUNuzyO5xVL2R7wQHwRA/exec → pending (?ms, ?B)
[2026-07-27T10:05:59.049Z] GET https://script.googleusercontent.com/macros/echo?user_content_key=AUkAhnTUmZKv9BwEuadX2ZUGUng_9V00ZQ1Auj2hsWBofqYHhepwzqM7J_QUN2-33LL1-cbq_09rXRNg6xKdjRTFyxOS0N2xAy8_GhP6jHiptsrfgd_4hsVrOiKJ_Xxa36rjSqucdCjLsQ5l7Qi8OyQxd9kldmvpe8hW1yQoAVelM349XkYXad-XIM6IKXBUrEL5ItQHz2ifiN0bCuyqmJwDwMwTTF8pDXGXpqos342y03arvHcXhZuzfDXhn2zhzPNRfPWcZVoqeYX_fRB0w1UkCd2OAnsC3Q&lib=Mg6Rthku6zY0nZ7zS7FqB794ddYVE0v8w → pending (?ms, ?B)
